NodeTypeFile
  end-rune = 113
  input-source = partials with malformed reference splat
  start-rune = 0
  child-node =>
    NodeTypePartial
      end-rune = 70
      input-source = partials with malformed reference splat
      partial-name = view_partial
      start-rune = 0
      child-node =>
        NodeTypeRelation
          end-rune = 43
          input-source = partials with malformed reference splat
          relation-name = user
          start-rune = 25
          allowed-types =>
            NodeTypeTypeReference
              end-rune = 43
              input-source = partials with malformed reference splat
              start-rune = 40
              type-ref-type =>
                NodeTypeSpecificTypeReference
                  end-rune = 43
                  input-source = partials with malformed reference splat
                  start-rune = 40
                  type-name = user
        NodeTypePermission
          end-rune = 68
          input-source = partials with malformed reference splat
          relation-name = view
          start-rune = 47
          compute-expression =>
            NodeTypeIdentifier
              end-rune = 68
              identifier-value = user
              input-source = partials with malformed reference splat
              start-rune = 65
    NodeTypeDefinition
      definition-name = user
      end-rune = 90
      input-source = partials with malformed reference splat
      start-rune = 73
    NodeTypeDefinition
      definition-name = resource
      end-rune = 113
      input-source = partials with malformed reference splat
      start-rune = 93
      child-node =>
        NodeTypeError
          end-rune = 113
          error-message = Expected end of statement or definition, found: TokenTypePeriod
          error-source = .
          input-source = partials with malformed reference splat
          start-rune = 117
    NodeTypeError
      end-rune = 113
      error-message = Unexpected token at root level: TokenTypePeriod
      error-source = .
      input-source = partials with malformed reference splat
      start-rune = 117