NodeTypeFile
  end-rune = 36
  input-source = permission invalid expression test
  start-rune = 0
  child-node =>
    NodeTypeDefinition
      definition-name = foo
      end-rune = 36
      input-source = permission invalid expression test
      start-rune = 0
      child-node =>
        NodeTypePermission
          end-rune = 36
          input-source = permission invalid expression test
          relation-name = bar
          start-rune = 21
          compute-expression =>
            NodeTypeError
              end-rune = 36
              error-message = Expected compute expression for permission
              input-source = permission invalid expression test
              start-rune = 38
        NodeTypeError
          end-rune = 36
          error-message = Expected end of statement or definition, found: TokenTypeMinus
          error-source = -
          input-source = permission invalid expression test
          start-rune = 38
    NodeTypeError
      end-rune = 36
      error-message = Unexpected token at root level: TokenTypeMinus
      error-source = -
      input-source = permission invalid expression test
      start-rune = 38